// Jest Snapshot v1, https://goo.gl/fbAQLP

exports[`should render dragger control 1`] = `
<svg
  className="w-6 h-6 text-gray-500 hover:text-black"
>
  dragger.svg
</svg>
`;
